
lechus@192 ~ % mysql -u root -p
Enter password: 
Welcome to the MySQL monitor.  Commands end with ; or \g.
Your MySQL connection id is 29
Server version: 8.0.27 MySQL Community Server - GPL

Copyright (c) 2000, 2021, Oracle and/or its affiliates.

Oracle is a registered trademark of Oracle Corporation and/or its
affiliates. Other names may be trademarks of their respective
owners.

Type 'help;' or '\h' for help. Type '\c' to clear the current input statement.

mysql> show databases;
+--------------------+
| Database           |
+--------------------+
| employees          |
| information_schema |
| mysql              |
| performance_schema |
| sakila             |
| sys                |
| tbd_eva1           |
| world_x            |
+--------------------+
8 rows in set (0.06 sec)

mysql> creata database orders,
    -> ;
ERROR 1064 (42000): You have an error in your SQL syntax; check the manual that corresponds to your MySQL server version for the right syntax to use near 'creata database orders,' at line 1
mysql> creata database orders;
ERROR 1064 (42000): You have an error in your SQL syntax; check the manual that corresponds to your MySQL server version for the right syntax to use near 'creata database orders' at line 1
mysql> create database orders;
Query OK, 1 row affected (0.02 sec)

mysql> alter table orders add RowID int key auto_increment;
ERROR 1046 (3D000): No database selected
mysql> use orders;
Database changed
mysql> alter table orders add RowID int key auto_increment;
ERROR 1146 (42S02): Table 'orders.orders' doesn't exist
mysql> drop database orders;
Query OK, 0 rows affected (0.05 sec)

mysql> create database ordersbd;
Query OK, 1 row affected (0.01 sec)

mysql> create table orders;
ERROR 1046 (3D000): No database selected
mysql> use ordersbd;
Database changed
mysql> create table orders;
ERROR 4028 (HY000): A table must have at least one visible column.
mysql> create table orders(
    -> prueba);
ERROR 1064 (42000): You have an error in your SQL syntax; check the manual that corresponds to your MySQL server version for the right syntax to use near ')' at line 2
mysql> create table orders( 
    -> prueba varchar(50));
Query OK, 0 rows affected (0.04 sec)

mysql> desc orders;
+--------+-------------+------+-----+---------+-------+
| Field  | Type        | Null | Key | Default | Extra |
+--------+-------------+------+-----+---------+-------+
| prueba | varchar(50) | YES  |     | NULL    |       |
+--------+-------------+------+-----+---------+-------+
1 row in set (0.01 sec)

mysql> select * from orders;
Empty set (0.00 sec)

mysql> desc prueba;
ERROR 1146 (42S02): Table 'ordersbd.prueba' doesn't exist
mysql> desc prueba;
ERROR 1146 (42S02): Table 'ordersbd.prueba' doesn't exist
mysql> alter table orders add RowID int key auto_increment;
Query OK, 0 rows affected (0.03 sec)
Records: 0  Duplicates: 0  Warnings: 0

mysql> desc orders;
+--------+-------------+------+-----+---------+----------------+
| Field  | Type        | Null | Key | Default | Extra          |
+--------+-------------+------+-----+---------+----------------+
| prueba | varchar(50) | YES  |     | NULL    |                |
| RowID  | int         | NO   | PRI | NULL    | auto_increment |
+--------+-------------+------+-----+---------+----------------+
2 rows in set (0.01 sec)

mysql> select * from orders;
Empty set (0.00 sec)

mysql> drop table prueba;
ERROR 1051 (42S02): Unknown table 'ordersbd.prueba'
mysql> alter table orders add OrderID varchar(50) not null;
Query OK, 0 rows affected (0.02 sec)
Records: 0  Duplicates: 0  Warnings: 0

mysql> alter table orders add OrderDate varchar(50) not null;
Query OK, 0 rows affected (0.01 sec)
Records: 0  Duplicates: 0  Warnings: 0

mysql> alter table orders add ShipDate varchar(50) not null;
Query OK, 0 rows affected (0.02 sec)
Records: 0  Duplicates: 0  Warnings: 0

mysql> alter table orders add ShipMode varchar(50) not null;
Query OK, 0 rows affected (0.01 sec)
Records: 0  Duplicates: 0  Warnings: 0

mysql> alter table orders add CustomerID varchar(50) not null;
Query OK, 0 rows affected (0.02 sec)
Records: 0  Duplicates: 0  Warnings: 0

mysql> alter table orders add CustomerName varchar(50) not null;
Query OK, 0 rows affected (0.01 sec)
Records: 0  Duplicates: 0  Warnings: 0

mysql> alter table orders add Segment varchar(50) not null;
Query OK, 0 rows affected (0.02 sec)
Records: 0  Duplicates: 0  Warnings: 0

mysql> alter table orders add Country varchar(50) not null;
Query OK, 0 rows affected (0.02 sec)
Records: 0  Duplicates: 0  Warnings: 0

mysql> alter table orders add City varchar(50) not null;
Query OK, 0 rows affected (0.02 sec)
Records: 0  Duplicates: 0  Warnings: 0

mysql> alter table orders add State varchar(50) not null;
Query OK, 0 rows affected (0.02 sec)
Records: 0  Duplicates: 0  Warnings: 0

mysql> alter table orders add PostalCode int not null;
Query OK, 0 rows affected (0.02 sec)
Records: 0  Duplicates: 0  Warnings: 0

mysql> alter table orders add Region varchar(50) not null;
Query OK, 0 rows affected (0.01 sec)
Records: 0  Duplicates: 0  Warnings: 0

mysql> alter table orders add ProductID varchar(50) not null;
Query OK, 0 rows affected (0.01 sec)
Records: 0  Duplicates: 0  Warnings: 0

mysql> alter table orders add Category varchar(50) not null;
Query OK, 0 rows affected (0.02 sec)
Records: 0  Duplicates: 0  Warnings: 0

mysql> alter table orders add SubCategory varchar(50) not null;
Query OK, 0 rows affected (0.02 sec)
Records: 0  Duplicates: 0  Warnings: 0

mysql> alter table orders add ProductName varchar(50) not null;
Query OK, 0 rows affected (0.02 sec)
Records: 0  Duplicates: 0  Warnings: 0

mysql> alter table orders add Sales decimal(10,5);
Query OK, 0 rows affected (0.02 sec)
Records: 0  Duplicates: 0  Warnings: 0

mysql> alter table orders add Quantity int;
Query OK, 0 rows affected (0.02 sec)
Records: 0  Duplicates: 0  Warnings: 0

mysql> alter table orders add Discount decimal(5,2);
Query OK, 0 rows affected (0.01 sec)
Records: 0  Duplicates: 0  Warnings: 0

mysql> alter table orders add Profit decimal(10,5);
Query OK, 0 rows affected (0.01 sec)
Records: 0  Duplicates: 0  Warnings: 0

mysql> desc ordersbd;
ERROR 1146 (42S02): Table 'ordersbd.ordersbd' doesn't exist
mysql> desc ordersdb;
ERROR 1146 (42S02): Table 'ordersbd.ordersdb' doesn't exist
mysql> desc orders;
+--------------+---------------+------+-----+---------+----------------+
| Field        | Type          | Null | Key | Default | Extra          |
+--------------+---------------+------+-----+---------+----------------+
| prueba       | varchar(50)   | YES  |     | NULL    |                |
| RowID        | int           | NO   | PRI | NULL    | auto_increment |
| OrderID      | varchar(50)   | NO   |     | NULL    |                |
| OrderDate    | varchar(50)   | NO   |     | NULL    |                |
| ShipDate     | varchar(50)   | NO   |     | NULL    |                |
| ShipMode     | varchar(50)   | NO   |     | NULL    |                |
| CustomerID   | varchar(50)   | NO   |     | NULL    |                |
| CustomerName | varchar(50)   | NO   |     | NULL    |                |
| Segment      | varchar(50)   | NO   |     | NULL    |                |
| Country      | varchar(50)   | NO   |     | NULL    |                |
| City         | varchar(50)   | NO   |     | NULL    |                |
| State        | varchar(50)   | NO   |     | NULL    |                |
| PostalCode   | int           | NO   |     | NULL    |                |
| Region       | varchar(50)   | NO   |     | NULL    |                |
| ProductID    | varchar(50)   | NO   |     | NULL    |                |
| Category     | varchar(50)   | NO   |     | NULL    |                |
| SubCategory  | varchar(50)   | NO   |     | NULL    |                |
| ProductName  | varchar(50)   | NO   |     | NULL    |                |
| Sales        | decimal(10,5) | YES  |     | NULL    |                |
| Quantity     | int           | YES  |     | NULL    |                |
| Discount     | decimal(5,2)  | YES  |     | NULL    |                |
| Profit       | decimal(10,5) | YES  |     | NULL    |                |
+--------------+---------------+------+-----+---------+----------------+
22 rows in set (0.01 sec)

mysql> drop table prueba;
ERROR 1051 (42S02): Unknown table 'ordersbd.prueba'
mysql> show tables;
+--------------------+
| Tables_in_ordersbd |
+--------------------+
| orders             |
+--------------------+
1 row in set (0.01 sec)

mysql> alter table orders drop column prueba;
Query OK, 0 rows affected (0.03 sec)
Records: 0  Duplicates: 0  Warnings: 0

mysql> show tables;
+--------------------+
| Tables_in_ordersbd |
+--------------------+
| orders             |
+--------------------+
1 row in set (0.00 sec)

mysql> desc orders;
+--------------+---------------+------+-----+---------+----------------+
| Field        | Type          | Null | Key | Default | Extra          |
+--------------+---------------+------+-----+---------+----------------+
| RowID        | int           | NO   | PRI | NULL    | auto_increment |
| OrderID      | varchar(50)   | NO   |     | NULL    |                |
| OrderDate    | varchar(50)   | NO   |     | NULL    |                |
| ShipDate     | varchar(50)   | NO   |     | NULL    |                |
| ShipMode     | varchar(50)   | NO   |     | NULL    |                |
| CustomerID   | varchar(50)   | NO   |     | NULL    |                |
| CustomerName | varchar(50)   | NO   |     | NULL    |                |
| Segment      | varchar(50)   | NO   |     | NULL    |                |
| Country      | varchar(50)   | NO   |     | NULL    |                |
| City         | varchar(50)   | NO   |     | NULL    |                |
| State        | varchar(50)   | NO   |     | NULL    |                |
| PostalCode   | int           | NO   |     | NULL    |                |
| Region       | varchar(50)   | NO   |     | NULL    |                |
| ProductID    | varchar(50)   | NO   |     | NULL    |                |
| Category     | varchar(50)   | NO   |     | NULL    |                |
| SubCategory  | varchar(50)   | NO   |     | NULL    |                |
| ProductName  | varchar(50)   | NO   |     | NULL    |                |
| Sales        | decimal(10,5) | YES  |     | NULL    |                |
| Quantity     | int           | YES  |     | NULL    |                |
| Discount     | decimal(5,2)  | YES  |     | NULL    |                |
| Profit       | decimal(10,5) | YES  |     | NULL    |                |
+--------------+---------------+------+-----+---------+----------------+
21 rows in set (0.01 sec)

mysql> rename table orders to ordersExcel;
Query OK, 0 rows affected (0.03 sec)

mysql> show tables;
+--------------------+
| Tables_in_ordersbd |
+--------------------+
| ordersExcel        |
+--------------------+
1 row in set (0.00 sec)

mysql> desc ordersExcel;
+--------------+---------------+------+-----+---------+----------------+
| Field        | Type          | Null | Key | Default | Extra          |
+--------------+---------------+------+-----+---------+----------------+
| RowID        | int           | NO   | PRI | NULL    | auto_increment |
| OrderID      | varchar(50)   | NO   |     | NULL    |                |
| OrderDate    | varchar(50)   | NO   |     | NULL    |                |
| ShipDate     | varchar(50)   | NO   |     | NULL    |                |
| ShipMode     | varchar(50)   | NO   |     | NULL    |                |
| CustomerID   | varchar(50)   | NO   |     | NULL    |                |
| CustomerName | varchar(50)   | NO   |     | NULL    |                |
| Segment      | varchar(50)   | NO   |     | NULL    |                |
| Country      | varchar(50)   | NO   |     | NULL    |                |
| City         | varchar(50)   | NO   |     | NULL    |                |
| State        | varchar(50)   | NO   |     | NULL    |                |
| PostalCode   | int           | NO   |     | NULL    |                |
| Region       | varchar(50)   | NO   |     | NULL    |                |
| ProductID    | varchar(50)   | NO   |     | NULL    |                |
| Category     | varchar(50)   | NO   |     | NULL    |                |
| SubCategory  | varchar(50)   | NO   |     | NULL    |                |
| ProductName  | varchar(50)   | NO   |     | NULL    |                |
| Sales        | decimal(10,5) | YES  |     | NULL    |                |
| Quantity     | int           | YES  |     | NULL    |                |
| Discount     | decimal(5,2)  | YES  |     | NULL    |                |
| Profit       | decimal(10,5) | YES  |     | NULL    |                |
+--------------+---------------+------+-----+---------+----------------+
21 rows in set (0.01 sec)

mysql> create table Ordenes(
    -> OrderID varchar(50) not null,
    -> OrderDate varchar(50) not null,
    -> ShipDate varchar(50) not null,
    -> CustomerID varchar(50) not null,
    -> PostalCode int not null,
    -> Region varchar(50) not null);
Query OK, 0 rows affected (0.02 sec)

mysql> show tables;
+--------------------+
| Tables_in_ordersbd |
+--------------------+
| Ordenes            |
| ordersExcel        |
+--------------------+
2 rows in set (0.01 sec)

mysql> create table detallesOrdenes(
    -> RowID int key auto_increment,
    -> OrderID varchar(50) not null,
    -> ProductID varchar(50) not null,
    -> Sales decimal(10,5),
    -> Discount decimal(5,2),
    -> Profit decimal(10,5));
Query OK, 0 rows affected (0.02 sec)

mysql> create table Productos(
    -> ProductID varchar(50),
    -> ProductName varchar(50) not null,
    -> Category varchar(50) not null,
    -> SubCategory varchar(50) not null);
Query OK, 0 rows affected (0.02 sec)

mysql> create table Clientes(
    -> CustomerID varchar(50) not null,
    -> CustomerName varchar(50) not null,
    -> Segment varchar(50) not null,
    -> PostalCode int not null);
Query OK, 0 rows affected (0.02 sec)

mysql> create table CodigosPostales(
    -> PostalCode int not null,
    -> City varchar(50) not null,
    -> State varchar(50) not null);
Query OK, 0 rows affected (0.02 sec)

mysql> show tables;
+--------------------+
| Tables_in_ordersbd |
+--------------------+
| Clientes           |
| CodigosPostales    |
| detallesOrdenes    |
| Ordenes            |
| ordersExcel        |
| Productos          |
+--------------------+
6 rows in set (0.01 sec)

mysql> show databases;
+--------------------+
| Database           |
+--------------------+
| employees          |
| information_schema |
| mysql              |
| ordersbd           |
| performance_schema |
| sakila             |
| sys                |
| tbd_eva1           |
| world_x            |
+--------------------+
9 rows in set (0.07 sec)
