Windows PowerShell
Copyright (C) Microsoft Corporation. Todos los derechos reservados.

Instale la versión más reciente de PowerShell para obtener nuevas características y mejoras. https://aka.ms/PSWindows

PS C:\Users\Jaime> mysql -u root -p
Enter password: *********
Welcome to the MySQL monitor.  Commands end with ; or \g.
Your MySQL connection id is 9
Server version: 9.2.0 MySQL Community Server - GPL

Copyright (c) 2000, 2025, Oracle and/or its affiliates.

Oracle is a registered trademark of Oracle Corporation and/or its
affiliates. Other names may be trademarks of their respective
owners.

Type 'help;' or '\h' for help. Type '\c' to clear the current input statement.

mysql> create database humanresourcesdb;
Query OK, 1 row affected (0.02 sec)

mysql> create table humanresourcesexcel(
    -> prueba int);
ERROR 1046 (3D000): No database selected
mysql> use humanresourcesdb;
Database changed
mysql> create table humanresourcesexcel(
    -> prueba int);
Query OK, 0 rows affected (0.01 sec)

mysql> show tables;
+----------------------------+
| Tables_in_humanresourcesdb |
+----------------------------+
| humanresourcesexcel        |
+----------------------------+
1 row in set (0.01 sec)

mysql> alter table humanresourcesexcel add EmpID int not null;
Query OK, 0 rows affected (0.01 sec)
Records: 0  Duplicates: 0  Warnings: 0

mysql> desc humanresourcesexcel;
+--------+------+------+-----+---------+-------+
| Field  | Type | Null | Key | Default | Extra |
+--------+------+------+-----+---------+-------+
| prueba | int  | YES  |     | NULL    |       |
| EmpID  | int  | NO   |     | NULL    |       |
+--------+------+------+-----+---------+-------+
2 rows in set (0.00 sec)

mysql> alter table humanresourcesexcel add NamePrefix   varchar(50) not null,
    -> ;
ERROR 1064 (42000): You have an error in your SQL syntax; check the manual that corresponds to your MySQL server version for the right syntax to use near '' at line 1
mysql> alter table humanresourcesexcel add NamePrefix   varchar(50) not null;
Query OK, 0 rows affected (0.01 sec)
Records: 0  Duplicates: 0  Warnings: 0

mysql> alter table humanresourcesexcel add FirstName varchar(50) not null;
Query OK, 0 rows affected (0.01 sec)
Records: 0  Duplicates: 0  Warnings: 0

mysql> alter table humanresourcesexcel add MiddleInitial varchar(50) not null;
Query OK, 0 rows affected (0.01 sec)
Records: 0  Duplicates: 0  Warnings: 0

mysql> alter table humanresourcesexcel add LastName varchar(50) not null;
Query OK, 0 rows affected (0.01 sec)
Records: 0  Duplicates: 0  Warnings: 0

mysql> alter table humanresourcesexcel add Gender varchar(50) not null;
Query OK, 0 rows affected (0.01 sec)
Records: 0  Duplicates: 0  Warnings: 0

mysql> alter table humanresourcesexcel add EMail varchar(100) not null;
Query OK, 0 rows affected (0.01 sec)
Records: 0  Duplicates: 0  Warnings: 0

mysql> alter table humanresourcesexcel add Father'sName varchar(100) not null;
    '> ^C
mysql> alter table humanresourcesexcel add FathersName varchar(100) not null;
Query OK, 0 rows affected (0.01 sec)
Records: 0  Duplicates: 0  Warnings: 0

mysql> alter table humanresourcesexcel add MothersName varchar(100) not null;
Query OK, 0 rows affected (0.01 sec)
Records: 0  Duplicates: 0  Warnings: 0

mysql> alter table humanresourcesexcel add MothersMaidenName varchar(50) not null;
Query OK, 0 rows affected (0.01 sec)
Records: 0  Duplicates: 0  Warnings: 0

mysql> alter table humanresourcesexcel add DateofBirth varchar(50) not null
    -> ;
Query OK, 0 rows affected (0.01 sec)
Records: 0  Duplicates: 0  Warnings: 0

mysql> alter table humanresourcesexcel add TimeofBirth varchar(50) not null;
Query OK, 0 rows affected (0.01 sec)
Records: 0  Duplicates: 0  Warnings: 0

mysql> alter table humanresourcesexcel add AgeinYrs varchar(50) not null
    -> ;
Query OK, 0 rows affected (0.01 sec)
Records: 0  Duplicates: 0  Warnings: 0

mysql> alter table humanresourcesexcel add WeightinKgs int not null;
Query OK, 0 rows affected (0.01 sec)
Records: 0  Duplicates: 0  Warnings: 0

mysql> alter table humanresourcesexcel add DateofJoining varchar(50) not null;
Query OK, 0 rows affected (0.01 sec)
Records: 0  Duplicates: 0  Warnings: 0

mysql> alter table humanresourcesexcel add QuarterofJoining varchar(50) not null;
Query OK, 0 rows affected (0.01 sec)
Records: 0  Duplicates: 0  Warnings: 0

mysql> alter table humanresourcesexcel add HalfofJoining varchar(50) not null;
Query OK, 0 rows affected (0.01 sec)
Records: 0  Duplicates: 0  Warnings: 0

mysql> alter table humanresourcesexcel add YearofJoining int not null;
Query OK, 0 rows affected (0.01 sec)
Records: 0  Duplicates: 0  Warnings: 0

mysql> alter table humanresourcesexcel add MonthofJoining int not null;
Query OK, 0 rows affected (0.01 sec)
Records: 0  Duplicates: 0  Warnings: 0

mysql> alter table humanresourcesexcel add MonthNameofJoining varchar(50) not null;
Query OK, 0 rows affected (0.01 sec)
Records: 0  Duplicates: 0  Warnings: 0

mysql> alter table humanresourcesexcel add ShortMonth varchar(50) not null;
Query OK, 0 rows affected (0.01 sec)
Records: 0  Duplicates: 0  Warnings: 0

mysql> alter table humanresourcesexcel add DayofJoining int not null;
Query OK, 0 rows affected (0.01 sec)
Records: 0  Duplicates: 0  Warnings: 0

mysql> alter table humanresourcesexcel add DOWofJoining varchar(50) not null;
Query OK, 0 rows affected (0.01 sec)
Records: 0  Duplicates: 0  Warnings: 0

mysql> alter table humanresourcesexcel add ShortDOW varchar(50) not null;
Query OK, 0 rows affected (0.01 sec)
Records: 0  Duplicates: 0  Warnings: 0

mysql> alter table humanresourcesexcel add AgeinCompanyinYears varchar(50) not null;
Query OK, 0 rows affected (0.01 sec)
Records: 0  Duplicates: 0  Warnings: 0

mysql> alter table humanresourcesexcel add Salary int not null;
Query OK, 0 rows affected (0.01 sec)
Records: 0  Duplicates: 0  Warnings: 0

mysql> alter table humanresourcesexcel add Last%Hike varchar(50)not null;
ERROR 1064 (42000): You have an error in your SQL syntax; check the manual that corresponds to your MySQL server version for the right syntax to use near '%Hike varchar(50)not null' at line 1
mysql> alter table humanresourcesexcel add LastHike varchar(50)not null;
Query OK, 0 rows affected (0.01 sec)
Records: 0  Duplicates: 0  Warnings: 0

mysql> alter table humanresourcesexcel add SSNvarchar(50) not null;
ERROR 1064 (42000): You have an error in your SQL syntax; check the manual that corresponds to your MySQL server version for the right syntax to use near '(50) not null' at line 1
mysql> alter table humanresourcesexcel add SSN varchar(50) not null;
Query OK, 0 rows affected (0.01 sec)
Records: 0  Duplicates: 0  Warnings: 0

mysql> alter table humanresourcesexcel add PhoneNo varchar(50) not null;
Query OK, 0 rows affected (0.01 sec)
Records: 0  Duplicates: 0  Warnings: 0

mysql> alter table humanresourcesexcel add PlaceName varchar(50) not null;
Query OK, 0 rows affected (0.01 sec)
Records: 0  Duplicates: 0  Warnings: 0

mysql> alter table humanresourcesexcel add County varchar(50) not null;
Query OK, 0 rows affected (0.01 sec)
Records: 0  Duplicates: 0  Warnings: 0

mysql> alter table humanresourcesexcel add City varchar(50) not null;:
Query OK, 0 rows affected (0.01 sec)
Records: 0  Duplicates: 0  Warnings: 0

    -> ^C
mysql> alter table humanresourcesexcel add City varchar(50) not null;
ERROR 1060 (42S21): Duplicate column name 'City'
mysql> alter table humanresourcesexcel add State varchar(50) not null;
Query OK, 0 rows affected (0.01 sec)
Records: 0  Duplicates: 0  Warnings: 0

mysql> alter table humanresourcesexcel add Zip int not null;
Query OK, 0 rows affected (0.01 sec)
Records: 0  Duplicates: 0  Warnings: 0

mysql> alter table humanresourcesexcel add Region varchar(50) not null;
Query OK, 0 rows affected (0.01 sec)
Records: 0  Duplicates: 0  Warnings: 0

mysql> alter table humanresourcesexcel add UserName varchar(50) not null;
Query OK, 0 rows affected (0.01 sec)
Records: 0  Duplicates: 0  Warnings: 0

mysql> alter table humanresourcesexcel add Password varchar(150) not null;
Query OK, 0 rows affected (0.01 sec)
Records: 0  Duplicates: 0  Warnings: 0

mysql> show tables;
+----------------------------+
| Tables_in_humanresourcesdb |
+----------------------------+
| humanresourcesexcel        |
+----------------------------+
1 row in set (0.00 sec)

mysql> desc humanresourcesexcel;
+---------------------+--------------+------+-----+---------+-------+
| Field               | Type         | Null | Key | Default | Extra |
+---------------------+--------------+------+-----+---------+-------+
| prueba              | int          | YES  |     | NULL    |       |
| EmpID               | int          | NO   |     | NULL    |       |
| NamePrefix          | varchar(50)  | NO   |     | NULL    |       |
| FirstName           | varchar(50)  | NO   |     | NULL    |       |
| MiddleInitial       | varchar(50)  | NO   |     | NULL    |       |
| LastName            | varchar(50)  | NO   |     | NULL    |       |
| Gender              | varchar(50)  | NO   |     | NULL    |       |
| EMail               | varchar(100) | NO   |     | NULL    |       |
| FathersName         | varchar(100) | NO   |     | NULL    |       |
| MothersName         | varchar(100) | NO   |     | NULL    |       |
| MothersMaidenName   | varchar(50)  | NO   |     | NULL    |       |
| DateofBirth         | varchar(50)  | NO   |     | NULL    |       |
| TimeofBirth         | varchar(50)  | NO   |     | NULL    |       |
| AgeinYrs            | varchar(50)  | NO   |     | NULL    |       |
| WeightinKgs         | int          | NO   |     | NULL    |       |
| DateofJoining       | varchar(50)  | NO   |     | NULL    |       |
| QuarterofJoining    | varchar(50)  | NO   |     | NULL    |       |
| HalfofJoining       | varchar(50)  | NO   |     | NULL    |       |
| YearofJoining       | int          | NO   |     | NULL    |       |
| MonthofJoining      | int          | NO   |     | NULL    |       |
| MonthNameofJoining  | varchar(50)  | NO   |     | NULL    |       |
| ShortMonth          | varchar(50)  | NO   |     | NULL    |       |
| DayofJoining        | int          | NO   |     | NULL    |       |
| DOWofJoining        | varchar(50)  | NO   |     | NULL    |       |
| ShortDOW            | varchar(50)  | NO   |     | NULL    |       |
| AgeinCompanyinYears | varchar(50)  | NO   |     | NULL    |       |
| Salary              | int          | NO   |     | NULL    |       |
| LastHike            | varchar(50)  | NO   |     | NULL    |       |
| SSN                 | varchar(50)  | NO   |     | NULL    |       |
| PhoneNo             | varchar(50)  | NO   |     | NULL    |       |
| PlaceName           | varchar(50)  | NO   |     | NULL    |       |
| County              | varchar(50)  | NO   |     | NULL    |       |
| City                | varchar(50)  | NO   |     | NULL    |       |
| State               | varchar(50)  | NO   |     | NULL    |       |
| Zip                 | int          | NO   |     | NULL    |       |
| Region              | varchar(50)  | NO   |     | NULL    |       |
| UserName            | varchar(50)  | NO   |     | NULL    |       |
| Password            | varchar(150) | NO   |     | NULL    |       |
+---------------------+--------------+------+-----+---------+-------+
38 rows in set (0.00 sec)

mysql> alter table humanresourcesexcel
    -> drop column prueba;
Query OK, 0 rows affected (0.01 sec)
Records: 0  Duplicates: 0  Warnings: 0

mysql> desc humanresourcesexcel;
+---------------------+--------------+------+-----+---------+-------+
| Field               | Type         | Null | Key | Default | Extra |
+---------------------+--------------+------+-----+---------+-------+
| EmpID               | int          | NO   |     | NULL    |       |
| NamePrefix          | varchar(50)  | NO   |     | NULL    |       |
| FirstName           | varchar(50)  | NO   |     | NULL    |       |
| MiddleInitial       | varchar(50)  | NO   |     | NULL    |       |
| LastName            | varchar(50)  | NO   |     | NULL    |       |
| Gender              | varchar(50)  | NO   |     | NULL    |       |
| EMail               | varchar(100) | NO   |     | NULL    |       |
| FathersName         | varchar(100) | NO   |     | NULL    |       |
| MothersName         | varchar(100) | NO   |     | NULL    |       |
| MothersMaidenName   | varchar(50)  | NO   |     | NULL    |       |
| DateofBirth         | varchar(50)  | NO   |     | NULL    |       |
| TimeofBirth         | varchar(50)  | NO   |     | NULL    |       |
| AgeinYrs            | varchar(50)  | NO   |     | NULL    |       |
| WeightinKgs         | int          | NO   |     | NULL    |       |
| DateofJoining       | varchar(50)  | NO   |     | NULL    |       |
| QuarterofJoining    | varchar(50)  | NO   |     | NULL    |       |
| HalfofJoining       | varchar(50)  | NO   |     | NULL    |       |
| YearofJoining       | int          | NO   |     | NULL    |       |
| MonthofJoining      | int          | NO   |     | NULL    |       |
| MonthNameofJoining  | varchar(50)  | NO   |     | NULL    |       |
| ShortMonth          | varchar(50)  | NO   |     | NULL    |       |
| DayofJoining        | int          | NO   |     | NULL    |       |
| DOWofJoining        | varchar(50)  | NO   |     | NULL    |       |
| ShortDOW            | varchar(50)  | NO   |     | NULL    |       |
| AgeinCompanyinYears | varchar(50)  | NO   |     | NULL    |       |
| Salary              | int          | NO   |     | NULL    |       |
| LastHike            | varchar(50)  | NO   |     | NULL    |       |
| SSN                 | varchar(50)  | NO   |     | NULL    |       |
| PhoneNo             | varchar(50)  | NO   |     | NULL    |       |
| PlaceName           | varchar(50)  | NO   |     | NULL    |       |
| County              | varchar(50)  | NO   |     | NULL    |       |
| City                | varchar(50)  | NO   |     | NULL    |       |
| State               | varchar(50)  | NO   |     | NULL    |       |
| Zip                 | int          | NO   |     | NULL    |       |
| Region              | varchar(50)  | NO   |     | NULL    |       |
| UserName            | varchar(50)  | NO   |     | NULL    |       |
| Password            | varchar(150) | NO   |     | NULL    |       |
+---------------------+--------------+------+-----+---------+-------+
37 rows in set (0.00 sec)

mysql> create table TabladeAcceso(
    -> EmpID int not null,
    -> UserName varchar(50) not null,
    -> Password varchar(150) not null);
Query OK, 0 rows affected (0.01 sec)

mysql> create table TabladeEmpleados(
    -> EmpID int not null,
    -> FirstName varchar(50) not null,
    -> MiddleInitial varchar(50) not null,
    -> LastName varchar(50) not null,
    -> Gender varchar(50) not null,
    -> EMail varchar(100) not null,
    -> DateofBirth varchar(50) not null,
    -> TimeofBirth varchar(50) not null,
    -> DateofJoining varchar(50) not null,
    -> PhoneNo varchar(50) not null,
    -> SSN varchar(50) not null,
    -> UserName varchar(50) not null);
Query OK, 0 rows affected (0.01 sec)

mysql> create table TabladeHistorialLaboral(
    -> EmpID int not null,
    -> Salary int not null,
    -> LastHike varchar(50)not null,
    -> AgeinCompanyinYears varchar(50) not null);
Query OK, 0 rows affected (0.01 sec)

mysql> create table TabladeRelacionesFamiliares(
    -> EmpID int not null,
    -> FathersName varchar(100) not null,
    -> MothersName varchar(100) not null,
    -> MothersMaidenName varchar(50) not null);
Query OK, 0 rows affected (0.01 sec)

mysql> create table Ubicacion(
    -> Zip int not null,
    -> PlaceName varchar(50) not null,
    -> County varchar(50) not null,
    -> City varchar(50) not null,
    -> State varchar(50) not null,
    -> Region varchar(50) not null);
Query OK, 0 rows affected (0.01 sec)

mysql>